     ━━━━━━━━━━━━━━━━━━━━━━━━━━━━━━━━━━━━━━━ 128.9/128.9 kB 3.0 MB/s eta 0:00:00
   ━━━━━━━━━━━━━━━━━━━━━━━━━━━━━━━━━━━━━━━━ 360.0/360.0 kB 10.3 MB/s eta 0:00:00
Warning: You are sending unauthenticated requests to the HF Hub. Please set a HF_TOKEN to enable higher rate limits and faster downloads.
Loading weights:   0%|          | 0/103 [00:00<?, ?it/s]Loading weights: 100%|██████████| 103/103 [00:00<00:00, 2815.79it/s]
1/12 scenarios done
2/12 scenarios done
3/12 scenarios done
4/12 scenarios done
5/12 scenarios done
6/12 scenarios done
7/12 scenarios done
8/12 scenarios done
9/12 scenarios done
10/12 scenarios done
11/12 scenarios done
12/12 scenarios done

changes noticed 103/112 (92%); retired 105, mistaken 0; pair precision 98%; reachable from candidates 110/112; 12.7 ms per candidate on this machine
Warning: You are sending unauthenticated requests to the HF Hub. Please set a HF_TOKEN to enable higher rate limits and faster downloads.
Loading weights:   0%|          | 0/103 [00:00<?, ?it/s]Loading weights: 100%|██████████| 103/103 [00:00<00:00, 2796.82it/s]
1/12 scenarios done
2/12 scenarios done
3/12 scenarios done
4/12 scenarios done
5/12 scenarios done
6/12 scenarios done
7/12 scenarios done
8/12 scenarios done
9/12 scenarios done
10/12 scenarios done
11/12 scenarios done
12/12 scenarios done

changes noticed 81/112 (72%); retired 90, mistaken 7; pair precision 90%; reachable from candidates 111/112; 13.7 ms per candidate on this machine
Warning: You are sending unauthenticated requests to the HF Hub. Please set a HF_TOKEN to enable higher rate limits and faster downloads.
Loading weights:   0%|          | 0/103 [00:00<?, ?it/s]Loading weights: 100%|██████████| 103/103 [00:00<00:00, 2782.10it/s]
1/12 scenarios done
2/12 scenarios done
3/12 scenarios done
4/12 scenarios done
5/12 scenarios done
6/12 scenarios done
7/12 scenarios done
8/12 scenarios done
9/12 scenarios done
10/12 scenarios done
11/12 scenarios done
12/12 scenarios done

changes noticed 58/112 (52%); retired 68, mistaken 6; pair precision 85%; reachable from candidates 108/112; 14.2 ms per candidate on this machine
